{
    "public_input_test": {
        "initial_hash_chain_seed": "0x0106ff8c067191534401309349553339cc4574f462295b55b1efd1e72818c7ef"
    },
    "dynamic_layout_public_input_test": {
        "initial_hash_chain_seed": "0x060ded6fa399a0bec38c1dd55104bdb30bc8a8e1de6a0f652e36cb83134fa076"
    },
    "diluted_test": {
        "spacing": 4,
        "n_bits": 16,
        "z": "0x12345678",
        "alpha": "0x87654321",
        "res": "0x3f070f6a2364e6900cc19fa78f05596c776f474786d6769a7b91410352ba644"
    }
}
